
User@DESKTOP-PRJN4N7 MINGW64 ~ (master)
$ cd ..

User@DESKTOP-PRJN4N7 MINGW64 /c/Users
$ cd ..

User@DESKTOP-PRJN4N7 MINGW64 /c
$ cd aquieduca

User@DESKTOP-PRJN4N7 MINGW64 /c/aquieduca
$ cd atividade

User@DESKTOP-PRJN4N7 MINGW64 /c/aquieduca/atividade
$ git init
Initialized empty Git repository in C:/aquieduca/atividade/.git/

User@DESKTOP-PRJN4N7 MINGW64 /c/aquieduca/atividade (master)
$ git status
On branch master

No commits yet

nothing to commit (create/copy files and use "git add" to track)

User@DESKTOP-PRJN4N7 MINGW64 /c/aquieduca/atividade (master)
$ git status
On branch master

No commits yet

Untracked files:
  (use "git add <file>..." to include in what will be committed)
        cor.txt
        frase.txt
        frutas.txt

nothing added to commit but untracked files present (use "git add" to track)

User@DESKTOP-PRJN4N7 MINGW64 /c/aquieduca/atividade (master)
$ git add frase.txt

User@DESKTOP-PRJN4N7 MINGW64 /c/aquieduca/atividade (master)
$ git status
On branch master

No commits yet

Changes to be committed:
  (use "git rm --cached <file>..." to unstage)
        new file:   frase.txt

Untracked files:
  (use "git add <file>..." to include in what will be committed)
        cor.txt
        frutas.txt


User@DESKTOP-PRJN4N7 MINGW64 /c/aquieduca/atividade (master)
$ git status
On branch master

No commits yet

Changes to be committed:
  (use "git rm --cached <file>..." to unstage)
        new file:   frase.txt

Untracked files:
  (use "git add <file>..." to include in what will be committed)
        cor.txt
        frutas.txt


User@DESKTOP-PRJN4N7 MINGW64 /c/aquieduca/atividade (master)
$ git add .

User@DESKTOP-PRJN4N7 MINGW64 /c/aquieduca/atividade (master)
$ git status
On branch master

No commits yet

Changes to be committed:
  (use "git rm --cached <file>..." to unstage)
        new file:   cor.txt
        new file:   frase.txt
        new file:   frutas.txt


User@DESKTOP-PRJN4N7 MINGW64 /c/aquieduca/atividade (master)
$ git commit -m "primeiro commit"
[master (root-commit) c7c4381] primeiro commit
 3 files changed, 16 insertions(+)
 create mode 100644 cor.txt
 create mode 100644 frase.txt
 create mode 100644 frutas.txt

User@DESKTOP-PRJN4N7 MINGW64 /c/aquieduca/atividade (master)
$ git branch -M main

User@DESKTOP-PRJN4N7 MINGW64 /c/aquieduca/atividade (main)
$ git remote add origin https://github.com/HuanCarlos13/Atividade.git

User@DESKTOP-PRJN4N7 MINGW64 /c/aquieduca/atividade (main)
$ git push -u origin main
Enumerating objects: 5, done.
Counting objects: 100% (5/5), done.
Delta compression using up to 4 threads
Compressing objects: 100% (5/5), done.
Writing objects: 100% (5/5), 659 bytes | 659.00 KiB/s, done.
Total 5 (delta 0), reused 0 (delta 0), pack-reused 0
To https://github.com/HuanCarlos13/Atividade.git
 * [new branch]      main -> main
Branch 'main' set up to track remote branch 'main' from 'origin'.

User@DESKTOP-PRJN4N7 MINGW64 /c/aquieduca/atividade (main)
$ up to 4 threads
Writing objects: 100% (5/5), 659 bytes | 659.00 KiB/s, done.
Total 5 (delta 0), reused 0 (delta 0), pack-reused 0
To https://github.com/HuanCarlos13/Atividade.git
 * [new branch]      main -> main
Branch 'main' set up to track remote branch 'main' from 'origin'.
